
> clandestino-tmp@0.1.0 build
> next build

Ôû▓ Next.js 16.1.6 (Turbopack)
- Environments: .env.local

node.exe : ÔÜá The 
"middleware" file 
convention is 
deprecated. Please use 
"proxy" instead. Learn 
more: https://nextjs.or
g/docs/messages/middlew
are-to-proxy
In C:\Program Files\nod
ejs\npm.ps1:29 car:3
+   & $NODE_EXE 
$NPM_CLI_JS $args
+   ~~~~~~~~~~~~~~~~~~~
~~~~~~~~~~
    + CategoryInfo     
         : NotSpecifi  
  ed: (ÔÜá The "midd   
 le...leware-to-pro    
xy:String) [], Rem    
oteException
    + FullyQualifiedEr 
   rorId : NativeComm  
  andError
 
  Creating an optimized production build ...

> Build error occurred
Error: Turbopack build 
failed with 1 errors:
./app/admin/page.tsx:54
:19
Ecmascript file had an 
error
[0m [90m 52 |[39m   
          }
 [90m 53 |[39m       
      [36mconst[39m 
data [33m=[39m 
[36mawait[39m r[33m.
[39mjson()[33m;[39m
[31m[1m>[22m[39m[9
0m 54 |[39m           
  [36mconst[39m data 
[33m=[39m 
[36mawait[39m r[33m.
[39mjson()[33m;[39m
 [90m    |[39m       
            [31m[1m^
[22m[39m[31m[1m^[22
m[39m[31m[1m^[22m[
39m[31m[1m^[22m[39m
 [90m 55 |[39m       
      setUsers(data[33
m.[39musers 
[33m||[39m 
[])[33m;[39m
 [90m 56 |[39m       
  } [36mcatch[39m { }
 [90m 57 |[39m     
}[33m;[39m[0m

the name `data` is 
defined multiple times

Import traces:
  Client Component 
Browser:
    
./app/admin/page.tsx 
[Client Component 
Browser]
    
./app/admin/page.tsx 
[Server Component]

  Client Component SSR:
    
./app/admin/page.tsx 
[Client Component SSR]
    
./app/admin/page.tsx 
[Server Component]


    at <unknown> (./app
/admin/page.tsx:54:19)
